2024-01-08 16:26:51 test_action_factory setUpClass INFO Logger created
.
2024-01-08 16:28:43 test_action_factory setUpClass INFO Logger created
.
2024-01-08 16:29:26 test_action_factory setUpClass INFO Logger created
.
2024-01-09 10:53:51 test_pickup setUp INFO Logger created
.
2024-01-09 10:53:53 test_pickup setUp INFO Logger created
.
2024-01-09 10:54:15 test_action_factory setUpClass INFO Logger created
.
2024-01-09 10:54:15 test_move setUp INFO Logger created
.
2024-01-09 10:54:15 test_pickup setUp INFO Logger created
.
2024-01-09 10:54:15 test_pickup setUp INFO Logger created
.
2024-01-09 10:54:15 test_pickup setUp INFO Logger created
.
2024-01-09 11:00:19 test_move setUp INFO Logger created
.
2024-01-09 11:09:58 test_action_factory setUpClass INFO Logger created
.
2024-01-09 11:09:58 test_move setUp INFO Logger created
.
2024-01-09 11:09:58 test_pickup setUp INFO Logger created
.
2024-01-09 11:09:58 test_pickup setUp INFO Logger created
.
2024-01-09 11:09:58 test_pickup setUp INFO Logger created
.
2024-01-09 11:19:33 test_action_factory setUpClass INFO Logger created
.
2024-01-09 11:29:59 test_action_factory setUpClass INFO Logger created
.
2024-01-09 11:29:59 test_move setUp INFO Logger created
.
2024-01-09 11:29:59 test_pickup setUp INFO Logger created
.
2024-01-09 11:29:59 test_pickup setUp INFO Logger created
.
2024-01-09 11:29:59 test_pickup setUp INFO Logger created
.
2024-01-09 11:33:20 test_action_factory setUpClass INFO Logger created
.
2024-01-09 11:33:20 test_move setUp INFO Logger created
.
2024-01-09 11:33:20 test_pickup setUp INFO Logger created
.
2024-01-09 11:33:20 test_pickup setUp INFO Logger created
.
2024-01-09 11:33:20 test_pickup setUp INFO Logger created
.
2024-01-09 11:34:28 test_move setUp INFO Logger created
.
2024-01-09 11:37:10 test_move setUp INFO Logger created
.
2024-01-09 11:38:00 test_move setUp INFO Logger created
.
2024-01-09 11:38:38 test_move setUp INFO Logger created
.
2024-01-09 11:40:38 test_move setUp INFO Logger created
.
2024-01-09 11:43:42 test_move setUp INFO Logger created
.
2024-01-09 11:44:24 test_move setUp INFO Logger created
.
2024-01-09 11:44:24 test_move _search_possible_moves DEBUG possible_moves: dict_items([('1', 'Leave the scratch through the entrance')])
2024-01-09 11:44:24 test_move _search_possible_moves DEBUG result: ['1']
2024-01-09 11:44:24 test_move action DEBUG key Value for new location: 1
2024-01-09 11:46:26 test_action_factory setUpClass INFO Logger created
.
2024-01-09 11:46:26 test_move setUp INFO Logger created
.
2024-01-09 11:46:26 test_move _search_possible_moves DEBUG possible_moves: dict_items([('1', 'Leave the scratch through the entrance')])
2024-01-09 11:46:26 test_move _search_possible_moves DEBUG result: ['1']
2024-01-09 11:46:26 test_move action DEBUG key Value for new location: 1
2024-01-09 11:46:26 test_pickup setUp INFO Logger created
.
2024-01-09 11:46:26 test_pickup setUp INFO Logger created
.
2024-01-09 11:46:26 test_pickup setUp INFO Logger created
.
2024-01-09 11:56:10 test_pickup setUp INFO Logger created
.
2024-01-09 11:56:12 test_pickup setUp INFO Logger created
.
2024-01-09 11:56:39 test_action_factory setUpClass INFO Logger created
.
2024-01-09 11:57:35 test_action_factory setUpClass INFO Logger created
.
2024-01-09 11:57:36 test_action_factory setUpClass INFO Logger created
.
2024-01-09 12:01:48 test_move setUp INFO Logger created
.
2024-01-09 12:01:48 test_move _search_possible_moves DEBUG possible_moves: dict_items([('2', 'Leave the scratch through the entrance to the patio')])
2024-01-09 12:01:48 test_move _search_possible_moves DEBUG result: []
2024-01-09 13:13:36 test_action_factory setUpClass INFO Logger created
.
2024-01-09 13:13:36 test_pickup setUp INFO Logger created
.
2024-01-09 13:13:36 test_pickup setUp INFO Logger created
.
2024-01-09 13:13:36 test_pickup setUp INFO Logger created
.
2024-01-09 13:15:06 test_move setUp INFO Logger created
.
2024-01-09 13:15:06 test_move _search_possible_moves DEBUG possible_moves: dict_items([('2', 'Leave the scratch through the entrance to the patio')])
2024-01-09 13:15:06 test_move _search_possible_moves DEBUG result: []
2024-01-09 13:15:36 test_move setUp INFO Logger created
.
2024-01-09 13:15:51 test_move _search_possible_moves DEBUG possible_moves: dict_items([('2', 'Leave the scratch through the entrance to the patio')])
2024-01-09 13:15:51 test_move _search_possible_moves DEBUG result: []
2024-01-09 13:16:09 test_move setUp INFO Logger created
.
2024-01-09 13:16:09 test_move _search_possible_moves DEBUG possible_moves: dict_items([('2', 'Leave the scratch through the entrance to the patio')])
2024-01-09 13:16:09 test_move _search_possible_moves DEBUG result: []
2024-01-09 13:17:45 test_move setUp INFO Logger created
.
2024-01-09 13:17:45 test_move _search_possible_moves DEBUG possible_moves: dict_items([('2', 'Leave the scratch through the entrance to the patio')])
2024-01-09 13:17:45 test_move _search_possible_moves DEBUG result: ['2']
2024-01-09 13:17:45 test_move action DEBUG key Value for new location: 2
2024-01-09 13:19:05 test_move setUp INFO Logger created
.
2024-01-09 13:19:05 test_move _search_possible_moves DEBUG possible_moves: dict_items([('2', 'Leave the scratch through the entrance to the patio')])
2024-01-09 13:19:05 test_move _search_possible_moves DEBUG result: ['2']
2024-01-09 13:19:21 test_move action DEBUG key Value for new location: 2
2024-01-09 13:19:42 test_move setUp INFO Logger created
.
2024-01-09 13:19:42 test_move _search_possible_moves DEBUG possible_moves: dict_items([('2', 'Leave the scratch through the entrance to the patio')])
2024-01-09 13:19:42 test_move _search_possible_moves DEBUG result: ['2']
2024-01-09 13:19:49 test_move action DEBUG key Value for new location: 2
2024-01-09 13:32:48 test_move setUp INFO Logger created
.
2024-01-09 13:32:48 test_move _search_possible_moves DEBUG possible_moves: dict_items([('2', 'Leave the scratch through the entrance to the patio')])
2024-01-09 13:32:48 test_move _search_possible_moves DEBUG result: ['2']
2024-01-09 13:32:48 test_move action DEBUG key Value for new location: 2
2024-01-09 13:34:18 test_move setUp INFO Logger created
.
2024-01-09 13:34:18 test_move _search_possible_moves DEBUG possible_moves: dict_items([('2', 'Leave the scratch through the entrance to the patio')])
2024-01-09 13:34:18 test_move _search_possible_moves DEBUG result: ['2']
2024-01-09 13:34:18 test_move action DEBUG key Value for new location: 2
2024-01-09 13:35:12 test_move setUp INFO Logger created
.
2024-01-09 13:35:12 test_move _search_possible_moves DEBUG possible_moves: dict_items([('2', 'Leave the scratch through the entrance to the patio')])
2024-01-09 13:35:12 test_move _search_possible_moves DEBUG result: ['2']
2024-01-09 13:35:22 test_move action DEBUG key Value for new location: 2
2024-01-09 13:37:17 test_move setUp INFO Logger created
.
2024-01-09 13:37:17 test_move _search_possible_moves DEBUG possible_moves: dict_items([('2', 'Leave the scratch through the entrance to the patio')])
2024-01-09 13:37:17 test_move _search_possible_moves DEBUG result: ['2']
2024-01-09 13:37:17 test_move action DEBUG key Value for new location: 2
2024-01-09 13:37:45 test_move setUp INFO Logger created
.
2024-01-09 13:37:45 test_move _search_possible_moves DEBUG possible_moves: dict_items([('2', 'Leave the scratch through the entrance to the patio')])
2024-01-09 13:37:45 test_move _search_possible_moves DEBUG result: ['2']
2024-01-09 13:38:02 test_move action DEBUG key Value for new location: 2
2024-01-09 13:38:23 test_move setUp INFO Logger created
.
2024-01-09 13:38:23 test_move _search_possible_moves DEBUG possible_moves: dict_items([('2', 'Leave the scratch through the entrance to the patio')])
2024-01-09 13:38:23 test_move _search_possible_moves DEBUG result: ['2']
2024-01-09 13:38:23 test_move action DEBUG key Value for new location: 2
2024-01-09 13:38:47 test_move setUp INFO Logger created
.
2024-01-09 13:38:47 test_move _search_possible_moves DEBUG possible_moves: dict_items([('2', 'Leave the scratch through the entrance to the patio')])
2024-01-09 13:38:47 test_move _search_possible_moves DEBUG result: ['2']
2024-01-09 13:38:47 test_move action DEBUG key Value for new location: 2
2024-01-09 13:39:16 test_move setUp INFO Logger created
.
2024-01-09 13:39:16 test_move _search_possible_moves DEBUG possible_moves: dict_items([('2', 'Leave the scratch through the entrance to the patio')])
2024-01-09 13:39:16 test_move _search_possible_moves DEBUG result: ['2']
2024-01-09 13:39:19 test_move action DEBUG key Value for new location: 2
2024-01-09 13:42:02 test_move setUp INFO Logger created
.
2024-01-09 13:42:02 test_move _search_possible_moves DEBUG possible_moves: dict_items([('2', 'Leave the scratch through the entrance to the patio')])
2024-01-09 13:42:02 test_move _search_possible_moves DEBUG result: ['2']
2024-01-09 13:42:02 test_move action DEBUG key Value for new location: 2
2024-01-09 13:53:56 test_action_factory setUpClass INFO Logger created
.
2024-01-09 13:53:56 test_move setUp INFO Logger created
.
2024-01-09 13:53:56 test_move _search_possible_moves DEBUG possible_moves: dict_items([('2', 'Leave the scratch through the entrance to the patio')])
2024-01-09 13:53:56 test_move _search_possible_moves DEBUG result: ['2']
2024-01-09 13:53:56 test_move action DEBUG key Value for new location: 2
2024-01-09 13:53:56 test_pickup setUp INFO Logger created
.
2024-01-09 13:53:56 test_pickup setUp INFO Logger created
.
2024-01-09 13:53:56 test_pickup setUp INFO Logger created
.
2024-01-17 15:53:11 test_action_factory setUpClass INFO Logger created
.
2024-01-17 15:53:11 test_action_list_manager setUpClass INFO Logger created
.
2024-01-17 15:53:11 test_move setUp INFO Logger created
.
2024-01-17 15:53:11 test_move _search_possible_moves DEBUG possible_moves: dict_items([('2', 'Leave the scratch through the entrance to the patio')])
2024-01-17 15:53:11 test_move _search_possible_moves DEBUG result: ['2']
2024-01-17 15:53:11 test_move action DEBUG key Value for new location: 2
2024-01-17 15:53:11 test_pickup setUp INFO Logger created
.
2024-01-17 15:53:11 test_pickup setUp INFO Logger created
.
2024-01-17 15:53:11 test_pickup setUp INFO Logger created
.
2024-01-17 16:07:14 test_action_list_manager setUpClass INFO Logger created
.
2024-01-17 16:13:17 test_action_list_manager setUpClass INFO Logger created
.
2024-01-17 16:14:19 test_action_list_manager setUpClass INFO Logger created
.
2024-01-17 16:15:15 test_action_list_manager setUpClass INFO Logger created
.
2024-01-17 16:18:18 test_action_list_manager setUpClass INFO Logger created
.
2024-01-17 16:22:35 test_action_list_manager setUpClass INFO Logger created
.
2024-01-17 16:26:10 test_action_list_manager setUpClass INFO Logger created
.
2024-01-17 16:26:46 test_action_list_manager setUpClass INFO Logger created
.
2024-01-17 16:27:06 test_action_factory setUpClass INFO Logger created
.
2024-01-17 16:27:06 test_action_list_manager setUpClass INFO Logger created
.
2024-01-17 16:27:06 test_move setUp INFO Logger created
.
2024-01-17 16:27:06 test_move _search_possible_moves DEBUG possible_moves: dict_items([('2', 'Leave the scratch through the entrance to the patio')])
2024-01-17 16:27:06 test_move _search_possible_moves DEBUG result: ['2']
2024-01-17 16:27:06 test_move action DEBUG key Value for new location: 2
2024-01-17 16:27:06 test_pickup setUp INFO Logger created
.
2024-01-17 16:27:06 test_pickup setUp INFO Logger created
.
2024-01-17 16:27:06 test_pickup setUp INFO Logger created
.
2024-01-19 13:56:49 test_action_list_manager setUpClass INFO Logger created
.
2024-01-19 14:04:00 test_action_list_manager setUpClass INFO Logger created
.
2024-01-19 14:04:41 test_action_list_manager setUpClass INFO Logger created
.
2024-01-19 14:05:17 test_action_list_manager setUpClass INFO Logger created
.
2024-01-19 14:08:44 test_action_list_manager setUpClass INFO Logger created
.
2024-01-19 14:10:24 test_action_list_manager setUpClass INFO Logger created
.
2024-01-19 14:10:26 test_action_list_manager setUpClass INFO Logger created
.
2024-01-19 14:12:27 test_action_list_manager setUpClass INFO Logger created
.
2024-01-19 14:13:48 test_action_list_manager setUpClass INFO Logger created
.
2024-01-19 14:14:56 test_action_list_manager setUpClass INFO Logger created
.
2024-01-19 14:15:05 test_action_list_manager setUpClass INFO Logger created
.
2024-01-19 14:15:19 test_action_list_manager setUpClass INFO Logger created
.
2024-01-19 14:17:11 test_action_list_manager setUpClass INFO Logger created
.
2024-01-19 14:49:24 test_action_list_manager setUpClass INFO Logger created
.
2024-01-19 14:52:34 test_action_list_manager setUpClass INFO Logger created
.
2024-01-19 14:56:14 test_action_list_manager setUpClass INFO Logger created
.
2024-01-19 14:57:00 test_action_list_manager setUpClass INFO Logger created
.
2024-01-19 14:57:53 test_action_list_manager setUpClass INFO Logger created
.
2024-01-19 14:58:50 test_action_list_manager setUpClass INFO Logger created
.
2024-01-19 15:00:13 test_action_list_manager setUpClass INFO Logger created
.
2024-01-19 15:00:13 test_action_list_manager _location_items_actions DEBUG Action list for {items[str(value)].item_description}: dict_items([('Drink', {'action_description': 'Sip the 12% Imperial Stout. It tastes wonderful', 'action_id': '3', 'holding': 'Yes'})]) total actions: 1
2024-01-19 15:00:58 test_action_list_manager setUpClass INFO Logger created
.
2024-01-19 15:00:58 test_action_list_manager _location_items_actions DEBUG Action list for {items[str(value)].item_description}: dict_items([('Drink', {'action_description': 'Sip the 12% Imperial Stout. It tastes wonderful', 'action_id': '3', 'holding': 'Yes'})]) total actions: 1
2024-01-19 15:02:08 test_action_list_manager setUpClass INFO Logger created
.
2024-01-19 15:02:08 test_action_list_manager _location_items_actions DEBUG Action list for {items[str(value)].item_description}: dict_items([('Drink', {'action_description': 'Sip the 12% Imperial Stout. It tastes wonderful', 'action_id': '3', 'holding': 'Yes'})]) total actions: 1
2024-01-19 15:04:51 test_action_list_manager setUpClass INFO Logger created
.
2024-01-19 15:04:51 test_action_list_manager _location_items_actions DEBUG Action list for {items[str(value)].item_description}: dict_items([('Drink', {'action_description': 'Sip the 12% Imperial Stout. It tastes wonderful', 'action_id': '3', 'holding': 'Yes'})]) total actions: 1
2024-01-19 15:18:29 test_action_list_manager setUpClass INFO Logger created
.
2024-01-19 15:18:49 test_action_list_manager _location_items_actions DEBUG Action list for {items[str(value)].item_description}: dict_items([('Drink', {'action_description': 'Sip the 12% Imperial Stout. It tastes wonderful', 'action_id': '3', 'holding': 'Yes'})]) total actions: 1
2024-01-19 15:18:49 test_action_list_manager _location_items_actions DEBUG Location actions 3, Drink, Sip the 12% Imperial Stout. It tastes wonderful, location
2024-01-19 15:18:51 test_action_list_manager _location_items_actions DEBUG Action list for {items[str(value)].item_description}: dict_items([('Pick Up', {'action_description': 'You pick up a $10 note', 'action_id': '4', 'holding': 'No'})]) total actions: 1
2024-01-19 15:19:28 test_action_list_manager setUpClass INFO Logger created
.
2024-01-19 15:19:28 test_action_list_manager _location_items_actions DEBUG Action list for {items[str(value)].item_description}: dict_items([('Drink', {'action_description': 'Sip the 12% Imperial Stout. It tastes wonderful', 'action_id': '3', 'holding': 'Yes'})]) total actions: 1
2024-01-19 15:19:28 test_action_list_manager _location_items_actions DEBUG Location actions 3, Drink, Sip the 12% Imperial Stout. It tastes wonderful, location
2024-01-19 15:19:28 test_action_list_manager _location_items_actions DEBUG Action list for {items[str(value)].item_description}: dict_items([('Pick Up', {'action_description': 'You pick up a $10 note', 'action_id': '4', 'holding': 'No'})]) total actions: 1
2024-01-19 15:21:28 test_action_list_manager setUpClass INFO Logger created
.
2024-01-19 15:21:28 test_action_list_manager _location_items_actions DEBUG Action list for {items[str(value)].item_description}: dict_items([('Drink', {'action_description': 'Sip the 12% Imperial Stout. It tastes wonderful', 'action_id': '3', 'holding': 'Yes'})]) total actions: 1
2024-01-19 15:21:28 test_action_list_manager _location_items_actions DEBUG Location actions 3, Drink, Sip the 12% Imperial Stout. It tastes wonderful, location
2024-01-19 15:21:28 test_action_list_manager _location_items_actions DEBUG Action list for {items[str(value)].item_description}: dict_items([('Pick Up', {'action_description': 'You pick up a $10 note', 'action_id': '4', 'holding': 'No'})]) total actions: 1
2024-01-19 15:21:53 test_action_list_manager setUpClass INFO Logger created
.
2024-01-19 15:21:53 test_action_list_manager _location_items_actions DEBUG Action list for {items[str(value)].item_description}: dict_items([('Drink', {'action_description': 'Sip the 12% Imperial Stout. It tastes wonderful', 'action_id': '3', 'holding': 'Yes'})]) total actions: 1
2024-01-19 15:21:53 test_action_list_manager _location_items_actions DEBUG Location actions 3, Drink, Sip the 12% Imperial Stout. It tastes wonderful, location
2024-01-19 15:21:53 test_action_list_manager _location_items_actions DEBUG Action list for {items[str(value)].item_description}: dict_items([('Pick Up', {'action_description': 'You pick up a $10 note', 'action_id': '4', 'holding': 'No'})]) total actions: 1
2024-01-19 15:22:18 test_action_list_manager setUpClass INFO Logger created
.
2024-01-19 15:22:18 test_action_list_manager _location_items_actions DEBUG Action list for {items[str(value)].item_description}: dict_items([('Drink', {'action_description': 'Sip the 12% Imperial Stout. It tastes wonderful', 'action_id': '3', 'holding': 'Yes'})]) total actions: 1
2024-01-19 15:22:18 test_action_list_manager _location_items_actions DEBUG Location actions 3, Drink, Sip the 12% Imperial Stout. It tastes wonderful, location
2024-01-19 15:22:18 test_action_list_manager _location_items_actions DEBUG Action list for {items[str(value)].item_description}: dict_items([('Pick Up', {'action_description': 'You pick up a $10 note', 'action_id': '4', 'holding': 'No'})]) total actions: 1
2024-01-19 15:22:18 test_action_list_manager _location_items_actions DEBUG Location actions 4, Pick Up, You pick up a $10 note, location
2024-01-19 15:23:49 test_action_list_manager setUpClass INFO Logger created
.
2024-01-19 15:23:49 test_action_list_manager _location_items_actions DEBUG Action list for {items[str(value)].item_description}: dict_items([('Drink', {'action_description': 'Sip the 12% Imperial Stout. It tastes wonderful', 'action_id': '3', 'holding': 'Yes'})]) total actions: 1
2024-01-19 15:23:49 test_action_list_manager _location_items_actions DEBUG Location actions 3, Drink, Sip the 12% Imperial Stout. It tastes wonderful, location
2024-01-19 15:23:49 test_action_list_manager _location_items_actions DEBUG Action list for {items[str(value)].item_description}: dict_items([('Pick Up', {'action_description': 'You pick up a $10 note', 'action_id': '4', 'holding': 'No'})]) total actions: 1
2024-01-19 15:23:49 test_action_list_manager _location_items_actions DEBUG Location actions 4, Pick Up, You pick up a $10 note, location
2024-01-19 15:24:06 test_action_factory setUpClass INFO Logger created
.
2024-01-19 15:24:06 test_action_list_manager setUpClass INFO Logger created
.
2024-01-19 15:24:06 test_action_list_manager _location_items_actions DEBUG Action list for {items[str(value)].item_description}: dict_items([('Drink', {'action_description': 'Sip the 12% Imperial Stout. It tastes wonderful', 'action_id': '3', 'holding': 'Yes'})]) total actions: 1
2024-01-19 15:24:06 test_action_list_manager _location_items_actions DEBUG Location actions 3, Drink, Sip the 12% Imperial Stout. It tastes wonderful, location
2024-01-19 15:24:06 test_action_list_manager _location_items_actions DEBUG Action list for {items[str(value)].item_description}: dict_items([('Pick Up', {'action_description': 'You pick up a $10 note', 'action_id': '4', 'holding': 'No'})]) total actions: 1
2024-01-19 15:24:06 test_action_list_manager _location_items_actions DEBUG Location actions 4, Pick Up, You pick up a $10 note, location
2024-01-19 15:24:06 test_move setUp INFO Logger created
.
2024-01-19 15:24:06 test_move _search_possible_moves DEBUG possible_moves: dict_items([('2', 'Leave the scratch through the entrance to the patio')])
2024-01-19 15:24:06 test_move _search_possible_moves DEBUG result: ['2']
2024-01-19 15:24:06 test_move action DEBUG key Value for new location: 2
2024-01-19 15:24:06 test_pickup setUp INFO Logger created
.
2024-01-19 15:24:06 test_pickup setUp INFO Logger created
.
2024-01-19 15:24:06 test_pickup setUp INFO Logger created
.
2024-01-19 15:26:06 test_action_list_manager setUpClass INFO Logger created
.
2024-01-19 15:26:06 test_action_list_manager _location_items_actions DEBUG Action list for {items[str(value)].item_description}: dict_items([('Drink', {'action_description': 'Sip the 12% Imperial Stout. It tastes wonderful', 'action_id': '3', 'holding': 'Yes'})]) total actions: 1
2024-01-19 15:26:06 test_action_list_manager _location_items_actions DEBUG Location actions 3, Drink, Sip the 12% Imperial Stout. It tastes wonderful, location
2024-01-19 15:26:06 test_action_list_manager _location_items_actions DEBUG Action list for {items[str(value)].item_description}: dict_items([('Pick Up', {'action_description': 'You pick up a $10 note', 'action_id': '4', 'holding': 'No'})]) total actions: 1
2024-01-19 15:26:06 test_action_list_manager _location_items_actions DEBUG Location actions 4, Pick Up, You pick up a $10 note, location
2024-01-23 15:02:43 test_action_list_manager setUpClass INFO Logger created
.
2024-01-23 15:21:58 test_action_list_manager setUpClass INFO Logger created
.
2024-01-23 15:22:00 test_action_list_manager setUpClass INFO Logger created
.
2024-01-24 12:43:41 test_action_list_manager setUpClass INFO Logger created
.
2024-01-24 12:43:41 test_action_list_manager _location_items_actions DEBUG Location actions for Action List for 12% Imperial Stout: dict_items([('Drink', {'action_description': 'Sip the 12% Imperial Stout. It tastes wonderful', 'action_id': '3', 'holding': 'Yes'})]) total actions: 1
2024-01-24 12:44:30 test_action_list_manager setUpClass INFO Logger created
.
2024-01-24 12:44:30 test_action_list_manager _location_items_actions DEBUG Location actions for Action List for 12% Imperial Stout: dict_items([('Drink', {'action_description': 'Sip the 12% Imperial Stout. It tastes wonderful', 'action_id': '3', 'holding': 'Yes'})]) total actions: 1
2024-01-24 12:44:30 test_action_list_manager _location_items_actions DEBUG Location actions 3, Drink, Sip the 12% Imperial Stout. It tastes wonderful, location
2024-01-24 12:44:30 test_action_list_manager _location_items_actions DEBUG Location actions for Action List for Some lovely Money: dict_items([('Pick Up', {'action_description': 'You pick up a $10 note', 'action_id': '4', 'holding': 'No'})]) total actions: 1
2024-01-24 12:44:30 test_action_list_manager _location_items_actions DEBUG Location actions 4, Pick Up, You pick up a $10 note, location
2024-01-24 12:46:20 test_action_list_manager setUpClass INFO Logger created
.
2024-01-24 12:46:20 test_action_list_manager _location_items_actions DEBUG Location actions for Action List for 12% Imperial Stout: dict_items([('Drink', {'action_description': 'Sip the 12% Imperial Stout. It tastes wonderful', 'action_id': '3', 'holding': 'Yes'})]) total actions: 1
2024-01-24 12:46:20 test_action_list_manager _location_items_actions DEBUG Location actions 3, Drink, Sip the 12% Imperial Stout. It tastes wonderful, location
2024-01-24 12:46:20 test_action_list_manager _location_items_actions DEBUG Location actions for Action List for Some lovely Money: dict_items([('Pick Up', {'action_description': 'You pick up a $10 note', 'action_id': '4', 'holding': 'No'})]) total actions: 1
2024-01-24 12:46:20 test_action_list_manager _location_items_actions DEBUG Location actions 4, Pick Up, You pick up a $10 note, location
2024-01-24 14:03:43 test_action_list_manager setUpClass INFO Logger created
.
2024-01-24 14:03:43 test_action_list_manager _location_items_actions DEBUG Location actions for Action List for 12% Imperial Stout: dict_items([('Drink', {'action_description': 'Sip the 12% Imperial Stout. It tastes wonderful', 'action_id': '3', 'holding': 'Yes'})]) total actions: 1
2024-01-24 14:03:43 test_action_list_manager _location_items_actions DEBUG Location actions 3, Drink, Sip the 12% Imperial Stout. It tastes wonderful, location
2024-01-24 14:03:43 test_action_list_manager _location_items_actions DEBUG Location actions for Action List for Some lovely Money: dict_items([('Pick Up', {'action_description': 'You pick up a $10 note', 'action_id': '4', 'holding': 'No'})]) total actions: 1
2024-01-24 14:03:43 test_action_list_manager _location_items_actions DEBUG Location actions 4, Pick Up, You pick up a $10 note, location
2024-01-24 14:04:26 test_action_list_manager setUpClass INFO Logger created
.
2024-01-24 14:04:26 test_action_list_manager _location_items_actions DEBUG Location actions for Action List for 12% Imperial Stout: dict_items([('Drink', {'action_description': 'Sip the 12% Imperial Stout. It tastes wonderful', 'action_id': '3', 'holding': 'Yes'})]) total actions: 1
2024-01-24 14:04:26 test_action_list_manager _location_items_actions DEBUG Location actions 3, Drink, Sip the 12% Imperial Stout. It tastes wonderful, location
2024-01-24 14:04:26 test_action_list_manager _location_items_actions DEBUG Location actions for Action List for Some lovely Money: dict_items([('Pick Up', {'action_description': 'You pick up a $10 note', 'action_id': '4', 'holding': 'No'})]) total actions: 1
2024-01-24 14:04:26 test_action_list_manager _location_items_actions DEBUG Location actions 4, Pick Up, You pick up a $10 note, location
2024-01-24 14:07:34 test_action_list_manager setUpClass INFO Logger created
.
2024-01-24 14:07:34 test_action_list_manager _location_items_actions DEBUG Location actions for Action List for 12% Imperial Stout: dict_items([('Drink', {'action_description': 'Sip the 12% Imperial Stout. It tastes wonderful', 'action_id': '3', 'holding': 'Yes'})]) total actions: 1
2024-01-24 14:07:34 test_action_list_manager _location_items_actions DEBUG Location actions 3, Drink, Sip the 12% Imperial Stout. It tastes wonderful, location
2024-01-24 14:07:34 test_action_list_manager _location_items_actions DEBUG Location actions for Action List for Some lovely Money: dict_items([('Pick Up', {'action_description': 'You pick up a $10 note', 'action_id': '4', 'holding': 'No'})]) total actions: 1
2024-01-24 14:07:34 test_action_list_manager _location_items_actions DEBUG Location actions 4, Pick Up, You pick up a $10 note, location
2024-01-24 14:09:02 test_action_list_manager setUpClass INFO Logger created
.
2024-01-24 14:09:04 test_action_list_manager _location_items_actions DEBUG Location actions for Action List for 12% Imperial Stout: dict_items([('Drink', {'action_description': 'Sip the 12% Imperial Stout. It tastes wonderful', 'action_id': '3', 'holding': 'Yes'})]) total actions: 1
2024-01-24 14:09:04 test_action_list_manager _location_items_actions DEBUG Location actions 3, Drink, Sip the 12% Imperial Stout. It tastes wonderful, location
2024-01-24 14:09:04 test_action_list_manager _location_items_actions DEBUG Location actions for Action List for Some lovely Money: dict_items([('Pick Up', {'action_description': 'You pick up a $10 note', 'action_id': '4', 'holding': 'No'})]) total actions: 1
2024-01-24 14:09:04 test_action_list_manager _location_items_actions DEBUG Location actions 4, Pick Up, You pick up a $10 note, location
2024-01-24 14:11:17 test_action_list_manager setUpClass INFO Logger created
.
2024-01-24 14:11:17 test_action_list_manager _location_items_actions DEBUG Location actions for Action List for 12% Imperial Stout: dict_items([('Drink', {'action_description': 'Sip the 12% Imperial Stout. It tastes wonderful', 'action_id': '3', 'holding': 'Yes'})]) total actions: 1
2024-01-24 14:11:17 test_action_list_manager _location_items_actions DEBUG Location actions 3, Drink, Sip the 12% Imperial Stout. It tastes wonderful, location
2024-01-24 14:11:17 test_action_list_manager _location_items_actions DEBUG Location actions for Action List for Some lovely Money: dict_items([('Pick Up', {'action_description': 'You pick up a $10 note', 'action_id': '4', 'holding': 'No'})]) total actions: 1
2024-01-24 14:11:17 test_action_list_manager _location_items_actions DEBUG Location actions 4, Pick Up, You pick up a $10 note, location
2024-01-24 14:11:38 test_action_list_manager setUpClass INFO Logger created
.
2024-01-24 14:11:38 test_action_list_manager _location_items_actions DEBUG Location actions for Action List for 12% Imperial Stout: dict_items([('Drink', {'action_description': 'Sip the 12% Imperial Stout. It tastes wonderful', 'action_id': '3', 'holding': 'Yes'})]) total actions: 1
2024-01-24 14:11:38 test_action_list_manager _location_items_actions DEBUG Location actions 3, Drink, Sip the 12% Imperial Stout. It tastes wonderful, location
2024-01-24 14:11:38 test_action_list_manager _location_items_actions DEBUG Location actions for Action List for Some lovely Money: dict_items([('Pick Up', {'action_description': 'You pick up a $10 note', 'action_id': '4', 'holding': 'No'})]) total actions: 1
2024-01-24 14:11:38 test_action_list_manager _location_items_actions DEBUG Location actions 4, Pick Up, You pick up a $10 note, location
2024-01-24 14:12:29 test_action_list_manager setUpClass INFO Logger created
.
2024-01-24 14:12:29 test_action_list_manager _location_items_actions DEBUG Location actions for Action List for 12% Imperial Stout: dict_items([('Drink', {'action_description': 'Sip the 12% Imperial Stout. It tastes wonderful', 'action_id': '3', 'holding': 'Yes'})]) total actions: 1
2024-01-24 14:12:29 test_action_list_manager _location_items_actions DEBUG Location actions 3, Drink, Sip the 12% Imperial Stout. It tastes wonderful, location
2024-01-24 14:12:29 test_action_list_manager _location_items_actions DEBUG Location actions for Action List for Some lovely Money: dict_items([('Pick Up', {'action_description': 'You pick up a $10 note', 'action_id': '4', 'holding': 'No'})]) total actions: 1
2024-01-24 14:12:29 test_action_list_manager _location_items_actions DEBUG Location actions 4, Pick Up, You pick up a $10 note, location
2024-01-24 14:12:53 test_action_list_manager setUpClass INFO Logger created
.
2024-01-24 14:12:54 test_action_list_manager _location_items_actions DEBUG Location actions for Action List for 12% Imperial Stout: dict_items([('Drink', {'action_description': 'Sip the 12% Imperial Stout. It tastes wonderful', 'action_id': '3', 'holding': 'Yes'})]) total actions: 1
2024-01-24 14:12:54 test_action_list_manager _location_items_actions DEBUG Location actions 3, Drink, Sip the 12% Imperial Stout. It tastes wonderful, location
2024-01-24 14:12:54 test_action_list_manager _location_items_actions DEBUG Location actions for Action List for Some lovely Money: dict_items([('Pick Up', {'action_description': 'You pick up a $10 note', 'action_id': '4', 'holding': 'No'})]) total actions: 1
2024-01-24 14:12:54 test_action_list_manager _location_items_actions DEBUG Location actions 4, Pick Up, You pick up a $10 note, location
2024-01-24 14:14:12 test_action_list_manager setUpClass INFO Logger created
.
2024-01-24 14:14:12 test_action_list_manager _location_items_actions DEBUG Location actions for Action List for 12% Imperial Stout: dict_items([('Drink', {'action_description': 'Sip the 12% Imperial Stout. It tastes wonderful', 'action_id': '3', 'holding': 'Yes'})]) total actions: 1
2024-01-24 14:14:12 test_action_list_manager _location_items_actions DEBUG Location actions 3, Drink, Sip the 12% Imperial Stout. It tastes wonderful, location
2024-01-24 14:14:12 test_action_list_manager _location_items_actions DEBUG Location actions for Action List for Some lovely Money: dict_items([('Pick Up', {'action_description': 'You pick up a $10 note', 'action_id': '4', 'holding': 'No'})]) total actions: 1
2024-01-24 14:14:12 test_action_list_manager _location_items_actions DEBUG Location actions 4, Pick Up, You pick up a $10 note, location
2024-01-24 14:16:41 test_action_list_manager setUpClass INFO Logger created
.
2024-01-24 14:16:41 test_action_list_manager _location_items_actions DEBUG Location actions for Action List for 12% Imperial Stout: dict_items([('Drink', {'action_description': 'Sip the 12% Imperial Stout. It tastes wonderful', 'action_id': '3', 'holding': 'Yes'})]) total actions: 1
2024-01-24 14:16:41 test_action_list_manager _location_items_actions DEBUG Location actions 3, Drink, Sip the 12% Imperial Stout. It tastes wonderful, location
2024-01-24 14:16:41 test_action_list_manager _location_items_actions DEBUG Location actions for Action List for Some lovely Money: dict_items([('Pick Up', {'action_description': 'You pick up a $10 note', 'action_id': '4', 'holding': 'No'})]) total actions: 1
2024-01-24 14:16:41 test_action_list_manager _location_items_actions DEBUG Location actions 4, Pick Up, You pick up a $10 note, location
2024-01-24 14:17:49 test_action_list_manager setUpClass INFO Logger created
.
2024-01-24 14:17:49 test_action_list_manager _location_items_actions DEBUG Location actions for Action List for 12% Imperial Stout: dict_items([('Drink', {'action_description': 'Sip the 12% Imperial Stout. It tastes wonderful', 'action_id': '3', 'holding': 'Yes'})]) total actions: 1
2024-01-24 14:17:49 test_action_list_manager _location_items_actions DEBUG Location actions 3, Drink, Sip the 12% Imperial Stout. It tastes wonderful, location
2024-01-24 14:17:49 test_action_list_manager _location_items_actions DEBUG Location actions for Action List for Some lovely Money: dict_items([('Pick Up', {'action_description': 'You pick up a $10 note', 'action_id': '4', 'holding': 'No'})]) total actions: 1
2024-01-24 14:17:49 test_action_list_manager _location_items_actions DEBUG Location actions 4, Pick Up, You pick up a $10 note, location
2024-01-24 14:18:14 test_action_list_manager setUpClass INFO Logger created
.
2024-01-24 14:19:23 test_action_list_manager setUpClass INFO Logger created
.
2024-01-24 14:22:30 test_action_list_manager setUpClass INFO Logger created
.
2024-01-24 14:23:23 test_action_list_manager setUpClass INFO Logger created
.
2024-01-24 14:24:05 test_action_list_manager setUpClass INFO Logger created
.
2024-01-24 14:24:53 test_action_list_manager setUpClass INFO Logger created
.
2024-01-24 14:26:10 test_action_list_manager setUpClass INFO Logger created
.
2024-01-24 14:30:21 test_action_list_manager setUpClass INFO Logger created
.
2024-01-24 14:33:57 test_action_list_manager setUpClass INFO Logger created
.
2024-01-24 14:34:01 test_action_list_manager setUpClass INFO Logger created
.
2024-01-24 14:34:30 test_action_list_manager setUpClass INFO Logger created
.
2024-01-24 14:34:44 test_action_list_manager setUpClass INFO Logger created
.
2024-01-24 14:35:43 test_action_list_manager setUpClass INFO Logger created
.
2024-01-24 14:35:59 test_action_list_manager setUpClass INFO Logger created
.
2024-01-24 14:36:32 test_action_list_manager setUpClass INFO Logger created
.
2024-01-24 14:39:33 test_action_list_manager setUpClass INFO Logger created
.
2024-01-24 14:39:55 test_action_list_manager setUpClass INFO Logger created
.
2024-01-30 14:59:54 test_action_list_manager setUpClass INFO Logger created
.
2024-01-30 15:01:00 test_action_list_manager setUpClass INFO Logger created
.
2024-01-30 15:01:28 test_action_list_manager setUpClass INFO Logger created
.
2024-01-30 15:02:32 test_action_list_manager setUpClass INFO Logger created
.
2024-01-30 15:02:49 test_action_list_manager setUpClass INFO Logger created
.
2024-01-30 15:02:52 test_action_list_manager setUpClass INFO Logger created
.
2024-01-30 15:02:55 test_action_factory setUpClass INFO Logger created
.
2024-01-30 15:02:55 test_action_list_manager setUpClass INFO Logger created
.
2024-01-30 15:02:55 test_move setUp INFO Logger created
.
2024-01-30 15:02:55 test_move _search_possible_moves DEBUG possible_moves: dict_items([('2', 'Leave the scratch through the entrance to the patio')])
2024-01-30 15:02:55 test_move _search_possible_moves DEBUG result: ['2']
2024-01-30 15:02:55 test_move action DEBUG key Value for new location: 2
2024-01-30 15:02:55 test_pickup setUp INFO Logger created
.
2024-01-30 15:02:55 test_pickup setUp INFO Logger created
.
2024-01-30 15:02:55 test_pickup setUp INFO Logger created
.
2024-01-30 15:04:48 test_action_factory setUpClass INFO Logger created
.
2024-01-30 15:04:48 test_action_list_manager setUpClass INFO Logger created
.
2024-01-30 15:04:48 test_move setUp INFO Logger created
.
2024-01-30 15:04:48 test_move _search_possible_moves DEBUG possible_moves: dict_items([('2', 'Leave the scratch through the entrance to the patio')])
2024-01-30 15:04:48 test_move _search_possible_moves DEBUG result: ['2']
2024-01-30 15:04:48 test_move action DEBUG key Value for new location: 2
2024-01-30 15:04:48 test_pickup setUp INFO Logger created
.
2024-01-30 15:04:48 test_pickup setUp INFO Logger created
.
2024-01-30 15:04:48 test_pickup setUp INFO Logger created
.
2024-01-30 15:04:52 test_action_list_manager setUpClass INFO Logger created
.
2024-01-30 15:05:47 test_action_factory setUpClass INFO Logger created
.
2024-01-30 15:05:47 test_action_list_manager setUpClass INFO Logger created
.
2024-01-30 15:05:47 test_move setUp INFO Logger created
.
2024-01-30 15:05:47 test_move _search_possible_moves DEBUG possible_moves: dict_items([('2', 'Leave the scratch through the entrance to the patio')])
2024-01-30 15:05:47 test_move _search_possible_moves DEBUG result: ['2']
2024-01-30 15:05:47 test_move action DEBUG key Value for new location: 2
2024-01-30 15:05:47 test_pickup setUp INFO Logger created
.
2024-01-30 15:05:47 test_pickup setUp INFO Logger created
.
2024-01-30 15:05:47 test_pickup setUp INFO Logger created
.
2024-01-30 15:06:51 test_action_list_manager setUpClass INFO Logger created
.
2024-01-30 15:07:24 test_action_factory setUpClass INFO Logger created
.
2024-01-30 15:07:24 test_action_list_manager setUpClass INFO Logger created
.
2024-01-30 15:07:24 test_move setUp INFO Logger created
.
2024-01-30 15:07:24 test_move _search_possible_moves DEBUG possible_moves: dict_items([('2', 'Leave the scratch through the entrance to the patio')])
2024-01-30 15:07:24 test_move _search_possible_moves DEBUG result: ['2']
2024-01-30 15:07:24 test_move action DEBUG key Value for new location: 2
2024-01-30 15:07:24 test_pickup setUp INFO Logger created
.
2024-01-30 15:07:24 test_pickup setUp INFO Logger created
.
2024-01-30 15:07:24 test_pickup setUp INFO Logger created
.
2024-01-30 15:07:43 test_action_factory setUpClass INFO Logger created
.
2024-01-30 15:07:43 test_action_list_manager setUpClass INFO Logger created
.
2024-01-30 15:07:43 test_move setUp INFO Logger created
.
2024-01-30 15:07:43 test_move _search_possible_moves DEBUG possible_moves: dict_items([('2', 'Leave the scratch through the entrance to the patio')])
2024-01-30 15:07:43 test_move _search_possible_moves DEBUG result: ['2']
2024-01-30 15:07:43 test_move action DEBUG key Value for new location: 2
2024-01-30 15:07:43 test_pickup setUp INFO Logger created
.
2024-01-30 15:07:43 test_pickup setUp INFO Logger created
.
2024-01-30 15:07:43 test_pickup setUp INFO Logger created
.
2024-01-30 15:08:32 test_action_list_manager setUpClass INFO Logger created
.
2024-01-30 15:08:36 test_action_list_manager setUpClass INFO Logger created
.
2024-01-30 15:08:39 test_action_list_manager setUpClass INFO Logger created
.
2024-01-30 15:08:57 test_action_list_manager setUpClass INFO Logger created
.
2024-01-30 15:09:25 test_action_list_manager setUpClass INFO Logger created
.
2024-01-30 15:10:30 test_action_list_manager setUpClass INFO Logger created
.
2024-01-30 15:11:30 test_action_list_manager setUpClass INFO Logger created
.
2024-01-30 15:11:36 test_action_list_manager setUpClass INFO Logger created
.
2024-01-30 15:12:21 test_action_list_manager setUpClass INFO Logger created
.
2024-01-30 15:12:24 test_action_list_manager setUpClass INFO Logger created
.
2024-01-30 15:12:25 test_action_list_manager setUpClass INFO Logger created
.
2024-01-30 15:12:29 test_action_factory setUpClass INFO Logger created
.
2024-01-30 15:12:29 test_action_list_manager setUpClass INFO Logger created
.
2024-01-30 15:12:29 test_move setUp INFO Logger created
.
2024-01-30 15:12:29 test_move _search_possible_moves DEBUG possible_moves: dict_items([('2', 'Leave the scratch through the entrance to the patio')])
2024-01-30 15:12:29 test_move _search_possible_moves DEBUG result: ['2']
2024-01-30 15:12:29 test_move action DEBUG key Value for new location: 2
2024-01-30 15:12:29 test_pickup setUp INFO Logger created
.
2024-01-30 15:12:29 test_pickup setUp INFO Logger created
.
2024-01-30 15:12:29 test_pickup setUp INFO Logger created
.
2024-01-30 15:13:55 test_action_list_manager setUpClass INFO Logger created
.
2024-01-30 15:14:58 test_action_list_manager setUpClass INFO Logger created
.
2024-01-30 15:17:56 test_action_list_manager setUpClass INFO Logger created
.
2024-01-30 15:19:31 test_action_list_manager setUpClass INFO Logger created
.
2024-01-30 15:19:33 test_action_list_manager setUpClass INFO Logger created
.
2024-01-30 15:19:33 test_action_list_manager _location_items_actions DEBUG Location actions for Action List for 12% Imperial Stout: dict_items([('Drink', {'action_description': 'Sip the 12% Imperial Stout. It tastes wonderful', 'action_id': '3', 'holding': 'Yes'})]) total actions: 1
2024-01-30 15:19:33 test_action_list_manager _location_items_actions DEBUG Location actions 3, Drink, Sip the 12% Imperial Stout. It tastes wonderful, location
2024-01-30 15:19:33 test_action_list_manager _location_items_actions DEBUG Location actions for Action List for Some lovely Money: dict_items([('Pick Up', {'action_description': 'You pick up a $10 note', 'action_id': '4', 'holding': 'No'})]) total actions: 1
2024-01-30 15:19:33 test_action_list_manager _location_items_actions DEBUG Location actions 4, Pick Up, You pick up a $10 note, location
2024-01-30 15:19:39 test_action_list_manager setUpClass INFO Logger created
.
2024-01-30 15:20:49 test_action_list_manager setUpClass INFO Logger created
.
2024-01-30 15:22:04 test_action_list_manager setUpClass INFO Logger created
.
2024-01-30 15:31:06 test_action_factory setUpClass INFO Logger created
.
2024-01-30 15:31:06 test_action_list_manager setUpClass INFO Logger created
.
2024-01-30 15:31:06 test_action_list_manager _location_items_actions DEBUG Location actions for Action List for 12% Imperial Stout: dict_items([('Drink', {'action_description': 'Sip the 12% Imperial Stout. It tastes wonderful', 'action_id': '3', 'holding': 'Yes'})]) total actions: 1
2024-01-30 15:31:06 test_action_list_manager _location_items_actions DEBUG Location actions 3, Drink, Sip the 12% Imperial Stout. It tastes wonderful, location
2024-01-30 15:31:06 test_action_list_manager _location_items_actions DEBUG Location actions for Action List for Some lovely Money: dict_items([('Pick Up', {'action_description': 'You pick up a $10 note', 'action_id': '4', 'holding': 'No'})]) total actions: 1
2024-01-30 15:31:06 test_action_list_manager _location_items_actions DEBUG Location actions 4, Pick Up, You pick up a $10 note, location
2024-01-30 15:31:06 test_move setUp INFO Logger created
.
2024-01-30 15:31:06 test_move _search_possible_moves DEBUG possible_moves: dict_items([('2', 'Leave the scratch through the entrance to the patio')])
2024-01-30 15:31:06 test_move _search_possible_moves DEBUG result: ['2']
2024-01-30 15:31:06 test_move action DEBUG key Value for new location: 2
2024-01-30 15:31:06 test_pickup setUp INFO Logger created
.
2024-01-30 15:31:06 test_pickup setUp INFO Logger created
.
2024-01-30 15:31:06 test_pickup setUp INFO Logger created
.
2024-01-30 15:52:53 test_action_list_manager setUpClass INFO Logger created
.
2024-01-30 15:55:47 test_action_factory setUpClass INFO Logger created
.
2024-01-30 15:55:47 test_action_list_manager setUpClass INFO Logger created
.
2024-01-30 15:55:47 test_action_list_manager _location_items_actions DEBUG Location actions for Action List for 12% Imperial Stout: dict_items([('Drink', {'action_description': 'Sip the 12% Imperial Stout. It tastes wonderful', 'action_id': '3', 'holding': 'Yes'})]) total actions: 1
2024-01-30 15:55:47 test_action_list_manager _location_items_actions DEBUG Location actions 3, Drink, Sip the 12% Imperial Stout. It tastes wonderful, location
2024-01-30 15:55:47 test_action_list_manager _location_items_actions DEBUG Location actions for Action List for Some lovely Money: dict_items([('Pick Up', {'action_description': 'You pick up a $10 note', 'action_id': '4', 'holding': 'No'})]) total actions: 1
2024-01-30 15:55:47 test_action_list_manager _location_items_actions DEBUG Location actions 4, Pick Up, You pick up a $10 note, location
2024-01-30 15:55:47 test_move setUp INFO Logger created
.
2024-01-30 15:55:47 test_move _search_possible_moves DEBUG possible_moves: dict_items([('2', 'Leave the scratch through the entrance to the patio')])
2024-01-30 15:55:47 test_move _search_possible_moves DEBUG result: ['2']
2024-01-30 15:55:47 test_move action DEBUG key Value for new location: 2
2024-01-30 15:55:47 test_pickup setUp INFO Logger created
.
2024-01-30 15:55:47 test_pickup setUp INFO Logger created
.
2024-01-30 15:55:47 test_pickup setUp INFO Logger created
.
2024-01-30 15:56:46 test_action_list_manager setUpClass INFO Logger created
.
2024-01-30 16:00:25 test_action_list_manager setUpClass INFO Logger created
.
2024-01-30 16:00:45 test_action_list_manager setUpClass INFO Logger created
.
2024-01-30 16:04:02 test_pickup setUp INFO Logger created
.
2024-01-30 16:04:02 test_pickup setUp INFO Logger created
.
2024-01-30 16:04:02 test_pickup setUp INFO Logger created
.
2024-01-30 16:04:12 test_action_factory setUpClass INFO Logger created
.
2024-01-30 16:06:33 test_action_factory setUpClass INFO Logger created
.
2024-01-30 16:07:31 test_action_factory setUpClass INFO Logger created
.
2024-01-30 16:10:42 test_action_factory setUpClass INFO Logger created
.
2024-01-30 16:10:44 test_action_factory setUpClass INFO Logger created
.
2024-01-30 16:12:22 test_action_factory setUpClass INFO Logger created
.
2024-01-30 16:15:57 test_action_factory setUpClass INFO Logger created
.
2024-01-30 16:18:45 test_action_factory setUpClass INFO Logger created
.
2024-01-30 16:19:01 test_action_factory setUpClass INFO Logger created
.
2024-01-30 16:19:01 test_move setUp INFO Logger created
.
2024-01-30 16:19:01 test_move _search_possible_moves DEBUG possible_moves: dict_items([('2', 'Leave the scratch through the entrance to the patio')])
2024-01-30 16:19:01 test_move _search_possible_moves DEBUG result: ['2']
2024-01-30 16:19:01 test_move action DEBUG key Value for new location: 2
2024-01-30 16:19:01 test_pickup setUp INFO Logger created
.
2024-01-30 16:19:01 test_pickup setUp INFO Logger created
.
2024-01-30 16:19:01 test_pickup setUp INFO Logger created
.
2024-01-30 16:30:56 test_pickup setUp INFO Logger created
.
2024-01-30 16:30:56 test_pickup setUp INFO Logger created
.
2024-01-30 16:30:56 test_pickup setUp INFO Logger created
.
2024-01-30 16:32:53 test_pickup setUp INFO Logger created
.
2024-01-30 16:32:53 test_pickup setUp INFO Logger created
.
2024-01-30 16:32:53 test_pickup setUp INFO Logger created
.
2024-01-30 16:37:42 test_move_location setUp INFO Logger created
.
2024-01-30 16:37:42 test_move_location _search_possible_moves DEBUG possible_moves: dict_items([('2', Move(id='2', name='Scratch exit to Patio', description='Leave the scratch through the entrance to the patio', destination_location_id='1'))])
2024-01-30 16:37:42 test_move_location _search_possible_moves DEBUG result: ['2']
2024-01-30 16:37:42 test_move_location action DEBUG key Value for new location: 2
2024-01-30 16:38:07 test_move_location setUp INFO Logger created
.
2024-01-30 16:38:07 test_move_location _search_possible_moves DEBUG possible_moves: dict_items([('2', Move(id='2', name='Scratch exit to Patio', description='Leave the scratch through the entrance to the patio', destination_location_id='1'))])
2024-01-30 16:38:07 test_move_location _search_possible_moves DEBUG result: ['2']
2024-01-30 16:38:07 test_move_location action DEBUG key Value for new location: 2
2024-01-30 16:38:16 test_action_factory setUpClass INFO Logger created
.
2024-01-30 16:38:16 test_move_location setUp INFO Logger created
.
2024-01-30 16:38:16 test_move_location _search_possible_moves DEBUG possible_moves: dict_items([('2', Move(id='2', name='Scratch exit to Patio', description='Leave the scratch through the entrance to the patio', destination_location_id='1'))])
2024-01-30 16:38:16 test_move_location _search_possible_moves DEBUG result: ['2']
2024-01-30 16:38:16 test_move_location action DEBUG key Value for new location: 2
2024-01-30 16:38:16 test_pickup setUp INFO Logger created
.
2024-01-30 16:38:16 test_pickup setUp INFO Logger created
.
2024-01-30 16:38:16 test_pickup setUp INFO Logger created
.
